[26-Feb-2026 04:01:48 UTC] PHP Fatal error:  Uncaught Error: Undefined constant "ENV" in C:\xampp\htdocs\goatbook.site\config\config.php:56
Stack trace:
#0 C:\xampp\htdocs\goatbook.site\public\index.php(24): require_once()
#1 {main}
  thrown in C:\xampp\htdocs\goatbook.site\config\config.php on line 56
[26-Feb-2026 04:01:58 UTC] PHP Fatal error:  Uncaught Error: Undefined constant "ENV" in C:\xampp\htdocs\goatbook.site\config\config.php:56
Stack trace:
#0 C:\xampp\htdocs\goatbook.site\public\index.php(24): require_once()
#1 {main}
  thrown in C:\xampp\htdocs\goatbook.site\config\config.php on line 56
[06-Mar-2026 19:00:42 UTC] PHP Notice:  session_start(): Ignoring session_start() because a session is already active (started from C:\xampp\htdocs\goatbook.site\public\index.php on line 13) in C:\xampp\htdocs\goatbook.site\public\src\Pages\send_email.php on line 6
[06-Mar-2026 19:08:49 UTC] PHP Warning:  require_once(C:\xampp\htdocs\goatbook.site\public\src\Pages/vendor/autoload.php): Failed to open stream: No such file or directory in C:\xampp\htdocs\goatbook.site\public\src\Pages\Contact.php on line 17
[06-Mar-2026 19:08:49 UTC] PHP Fatal error:  Uncaught Error: Failed opening required 'C:\xampp\htdocs\goatbook.site\public\src\Pages/vendor/autoload.php' (include_path='.;C:\php\pear') in C:\xampp\htdocs\goatbook.site\public\src\Pages\Contact.php:17
Stack trace:
#0 C:\xampp\htdocs\goatbook.site\public\index.php(325): include()
#1 {main}
  thrown in C:\xampp\htdocs\goatbook.site\public\src\Pages\Contact.php on line 17
[06-Mar-2026 19:09:56 UTC] PHP Fatal error:  Uncaught Dotenv\Exception\InvalidPathException: Unable to read any of the environment file(s) at [C:\xampp\htdocs\goatbook.site\public\src\Pages\.env]. in C:\xampp\htdocs\goatbook.site\vendor\vlucas\phpdotenv\src\Store\FileStore.php:68
Stack trace:
#0 C:\xampp\htdocs\goatbook.site\vendor\vlucas\phpdotenv\src\Dotenv.php(222): Dotenv\Store\FileStore->read()
#1 C:\xampp\htdocs\goatbook.site\public\src\Pages\Contact.php(20): Dotenv\Dotenv->load()
#2 C:\xampp\htdocs\goatbook.site\public\index.php(325): include('C:\\xampp\\htdocs...')
#3 {main}
  thrown in C:\xampp\htdocs\goatbook.site\vendor\vlucas\phpdotenv\src\Store\FileStore.php on line 68
[06-Mar-2026 19:11:24 UTC] PHP Fatal error:  Uncaught Dotenv\Exception\InvalidPathException: Unable to read any of the environment file(s) at [C:\xampp\htdocs\goatbook.site\public\src\Pages\.env]. in C:\xampp\htdocs\goatbook.site\vendor\vlucas\phpdotenv\src\Store\FileStore.php:68
Stack trace:
#0 C:\xampp\htdocs\goatbook.site\vendor\vlucas\phpdotenv\src\Dotenv.php(222): Dotenv\Store\FileStore->read()
#1 C:\xampp\htdocs\goatbook.site\public\src\Pages\Contact.php(20): Dotenv\Dotenv->load()
#2 C:\xampp\htdocs\goatbook.site\public\index.php(325): include('C:\\xampp\\htdocs...')
#3 {main}
  thrown in C:\xampp\htdocs\goatbook.site\vendor\vlucas\phpdotenv\src\Store\FileStore.php on line 68
